<html>
<body>
<pre>
<h1>µVision Build Log</h1>
<h2>Tool Versions:</h2>
IDE-Version: µVision V5.31.0.0
Copyright (C) 2020 ARM Ltd and ARM Germany GmbH. All rights reserved.
License Information: Aung Tun Linn, Student, LIC=JDA01-CAMT2-INIA7-E4TSE-75GI8-FITFL
 
Tool Versions:
Toolchain:       MDK-ARM Professional  Version: 5.31.0.0
Toolchain Path:  D:\Keil_v5\ARM\ARMCC\Bin
C Compiler:      Armcc.exe V5.06 update 6 (build 750)
Assembler:       Armasm.exe V5.06 update 6 (build 750)
Linker/Locator:  ArmLink.exe V5.06 update 6 (build 750)
Library Manager: ArmAr.exe V5.06 update 6 (build 750)
Hex Converter:   FromElf.exe V5.06 update 6 (build 750)
CPU DLL:         SARMCM3.DLL V5.31.0.0
Dialog DLL:      DCM.DLL V1.17.3.0
Target DLL:      STLink\ST-LINKIII-KEIL_SWO.dll V3.0.7.0
Dialog DLL:      TCM.DLL V1.46.0.0
 
<h2>Project:</h2>
E:\Projects\Personal\ResourceMonitor\Firmware\STM32SystemMonitor\MDK-ARM\Project.uvprojx
Project File Date:  08/13/2022

<h2>Output:</h2>
*** Using Compiler 'V5.06 update 6 (build 750)', folder: 'D:\Keil_v5\ARM\ARMCC\Bin'
Rebuild target 'STM32746G-DISCOVERY_USBD-HS'
assembling startup_stm32f746xx.s...
compiling ringbuffer.c...
compiling usbd_cdc_if.c...
..\Src\usbd_cdc_if.c(308): warning:  #177-D: function "CDC_TransmitCplt_FS"  was declared but never referenced
  static int8_t CDC_TransmitCplt_FS(uint8_t *Buf, uint32_t *Len, uint8_t epnum)
..\Src\usbd_cdc_if.c: 1 warning, 0 errors
compiling usbd_desc.c...
compiling usbd_cdc.c...
compiling stm32f7xx_hal_msp.c...
compiling stm32f7xx_it.c...
compiling stm32f7xx_hal_usart.c...
compiling usbd_conf.c...
compiling main.c...
../Src/main.c(127): warning:  #223-D: function "CreateSystemMonitor" declared implicitly
  		CreateSystemMonitor();
../Src/main.c(228): warning:  #177-D: function "TIMER3_Init"  was declared but never referenced
  static void TIMER3_Init(void)
../Src/main.c(210): warning:  #177-D: function "ToggleGPIO_Init"  was declared but never referenced
  static void ToggleGPIO_Init(void)
../Src/main.c: 3 warnings, 0 errors
compiling stm32f7xx_hal_flash_ex.c...
compiling stm32f7xx_hal_flash.c...
compiling stm32f7xx_hal_rcc_ex.c...
compiling stm32f7xx_hal_pwr.c...
compiling stm32f7xx_hal_pcd_ex.c...
compiling stm32f7xx_hal.c...
compiling stm32f7xx_hal_uart.c...
compiling stm32f7xx_hal_dma.c...
compiling stm32f7xx_hal_pcd.c...
compiling stm32f7xx_ll_usb.c...
compiling stm32f7xx_hal_cortex.c...
compiling stm32f7xx_hal_pwr_ex.c...
compiling stm32f7xx_hal_gpio.c...
compiling stm32f7xx_hal_rcc.c...
compiling stm32f7xx_hal_i2c.c...
compiling stm32f7xx_hal_tim.c...
compiling stm32f7xx_ll_fmc.c...
compiling stm32f7xx_hal_tim_ex.c...
compiling stm32f7xx_hal_sdram.c...
compiling stm32f7xx_hal_ltdc.c...
compiling usbd_ioreq.c...
compiling usbd_ctlreq.c...
compiling stm32f7xx_hal_dma2d.c...
compiling ft5336.c...
compiling wm8994.c...
compiling usbd_core.c...
compiling GUIConf.c...
compiling GUI_X.c...
compiling system_stm32f7xx.c...
compiling Image.c...
compiling stm32746g_discovery.c...
compiling stm32746g_discovery_sdram.c...
compiling stm32746g_discovery_lcd.c...
compiling LCDConf.c...
compiling System MonitorDLG.c...
linking...
Program Size: Code=66232 RO-data=97024 RW-data=620 ZI-data=267228  
"STM32746G-DISCOVERY_USBD-HS\STM32746G-DISCOVERY_USBD-HS.axf" - 0 Error(s), 4 Warning(s).

<h2>Software Packages used:</h2>

Package Vendor: ARM
                http://www.keil.com/pack/ARM.CMSIS.5.8.0.pack
                ARM.CMSIS.5.8.0
                CMSIS (Common Microcontroller Software Interface Standard)
   * Component: CORE Version: 5.5.0

Package Vendor: Keil
                http://www.keil.com/pack/Keil.STM32F7xx_DFP.2.14.1.pack
                Keil.STM32F7xx_DFP.2.14.1
                STMicroelectronics STM32F7 Series Device Support, Drivers and Examples

<h2>Collection of Component include folders:</h2>
  .\RTE\_STM32746G-DISCOVERY_USBD-HS
  D:\Keil_v5\Arm\Packs\ARM\CMSIS\5.8.0\CMSIS\Core\Include
  D:\Keil_v5\Arm\Packs\Keil\STM32F7xx_DFP\2.14.1\Drivers\CMSIS\Device\ST\STM32F7xx\Include

<h2>Collection of Component Files used:</h2>

   * Component: ARM::CMSIS:CORE:5.5.0
Build Time Elapsed:  00:00:05
</pre>
</body>
</html>
